// Jest Snapshot v1, https://goo.gl/fbAQLP

exports[`<GridTwoColumns /> should match the snapshot 1`] = `
.c5 {
  color: #f3f3f3;
  font-size: 5.6rem;
  text-transform: uppercase;
}

.c2 {
  display: grid;
  grid-template-columns: 1fr 2fr;
  -webkit-align-items: center;
  -webkit-box-align: center;
  -ms-flex-align: center;
  align-items: center;
  gap: 3.2rem;
}

.c2 .c4 {
  margin-bottom: 3.2rem;
}

.c7 {
  width: 100%;
}

.c1 {
  max-width: 120rem;
  margin: auto;
  padding: 3.2rem;
  width: 100%;
}

.c0 {
  background: #f3f3f3;
  color: #0a1128;
  min-height: 100vh;
  display: -webkit-box;
  display: -webkit-flex;
  display: -ms-flexbox;
  display: flex;
  -webkit-align-items: center;
  -webkit-box-align: center;
  -ms-flex-align: center;
  align-items: center;
  background: #00829b;
  color: #f3f3f3;
}

.c6 {
  font-size: 2.4rem;
}

@media (max-width:768px) {
  .c5 {
    font-size: 4rem;
  }
}

@media (max-width:768px) {
  .c2 {
    grid-template-columns: 1fr;
    text-align: center;
  }
}

@media (max-width:768px) {
  .c3 {
    margin-bottom: 3.2rem;
  }
}

<div
  class="c0"
  id="intro"
>
  <div
    class="c1"
  >
    <div
      class="c2"
    >
      <div
        class="c3"
      >
        <h2
          class="c4 c5"
        >
          Home
        </h2>
        <div
          class="c6"
        >
          Já imaginou produzir sua própria energia e reduzir…ue agride menos o meio-ambiente? Agora você pode!
        </div>
      </div>
      <div
        class=""
      >
        <img
          alt="Home"
          class="c7"
          src="https://res.cloudinary.com/singularity-softworks/i…d/v1647653269/piqsels_com_id_sbrnx_c81d065c8a.jpg"
        />
      </div>
    </div>
  </div>
</div>
`;
